[1] Searching for mns subgroups of imf groups in dimension <=10 of order >=1.
[ 1, 1, 1 ]
[1] Dimension 1 time: 0ms
[ 2, 1, 1 ]
[ 2, 2, 1 ]
[1] Dimension 2 time: 0ms
[ 3, 1, 1 ]
[1] Dimension 3 time: 0ms
[ 4, 1, 1 ]
[ 4, 2, 1 ]
[ 4, 3, 1 ]
Index	Description	Group id 	Irreducible/C	Has trivial	
1    	A5         	[ 60, 1 ]	true         	false      	

[1] Dimension 4 time: 223ms
[ 5, 1, 1 ]
Index	Description	Group id 	Irreducible/C	Has trivial	
1    	A5         	[ 60, 1 ]	false        	true       	

[ 5, 2, 1 ]
Index	Description	Group id 	Irreducible/C	Has trivial	
1    	A5         	[ 60, 1 ]	true         	false      	
2    	A5         	[ 60, 1 ]	false        	true       	

[1] Dimension 5 time: 214ms
[ 6, 1, 1 ]
Index	Description	Group id 	Irreducible/C	Has trivial	
1    	A5         	[ 60, 1 ]	false        	false      	
2    	A5         	[ 60, 1 ]	false        	true       	
3    	A5         	[ 60, 1 ]	false        	true       	

[ 6, 2, 1 ]
[ 6, 3, 1 ]
Index	Description	Group id 	Irreducible/C	Has trivial	
1    	A5         	[ 60, 1 ]	false        	true       	
2    	A5         	[ 60, 1 ]	false        	true       	

[ 6, 4, 1 ]
Index	Description	Group id  	Irreducible/C	Has trivial	
1    	A5         	[ 60, 1 ] 	false        	true       	
2    	A5         	[ 60, 1 ] 	false        	true       	
3    	PSL(3,2)   	[ 168, 1 ]	true         	false      	

[ 6, 5, 1 ]
Index	Description	Group id  	Irreducible/C	Has trivial	
1    	PSL(3,2)   	[ 168, 1 ]	false        	false      	

[ 6, 6, 1 ]
Index	Description	Group id 	Irreducible/C	Has trivial	
1    	A5         	[ 60, 1 ]	false        	false      	

[1] Dimension 6 time: 1470ms
[ 7, 1, 1 ]
Index	Description 	Group id   	Irreducible/C	Has trivial	
1    	A5          	[ 60, 1 ]  	false        	true       	
2    	A5          	[ 60, 1 ]  	false        	true       	
3    	A5          	[ 60, 1 ]  	false        	true       	
4    	2^3.PSL(3,2)	[ 1344, 2 ]	true         	false      	
5    	PSL(3,2)    	[ 168, 1 ] 	true         	false      	
6    	PSL(3,2)    	[ 168, 1 ] 	false        	true       	

[ 7, 2, 1 ]
Index	Description 	Group id   	Irreducible/C	Has trivial	
1    	PSL(2,8)    	[ 504, 1 ] 	true         	false      	
2    	A5          	[ 60, 1 ]  	false        	true       	
3    	A5          	[ 60, 1 ]  	false        	true       	
4    	2^3.PSL(3,2)	[ 1344, 2 ]	true         	false      	
5    	PSL(3,2)    	[ 168, 1 ] 	false        	true       	
6    	PSL(3,2)    	[ 168, 1 ] 	true         	false      	
7    	A5          	[ 60, 1 ]  	false        	true       	
8    	A5          	[ 60, 1 ]  	false        	true       	

[1] Dimension 7 time: 4172ms
[ 8, 1, 1 ]
Index	Description 	Group id   	Irreducible/C	Has trivial	
1    	SL(2,7)     	[ 336, 1 ] 	false        	false      	
2    	PSL(3,2)    	[ 168, 1 ] 	false        	true       	
3    	A5          	[ 60, 1 ]  	false        	true       	
4    	A5          	[ 60, 1 ]  	false        	true       	
5    	A5          	[ 60, 1 ]  	false        	true       	
6    	PSL(3,2)    	[ 168, 1 ] 	false        	true       	
7    	PSL(3,2)    	[ 168, 1 ] 	false        	true       	
8    	2^3.PSL(3,2)	[ 1344, 2 ]	false        	true       	

[ 8, 2, 1 ]
[ 8, 3, 1 ]
Index	Description 	Group id   	Irreducible/C	Has trivial	
1    	A5          	[ 60, 1 ]  	false        	false      	
2    	A5          	[ 60, 1 ]  	false        	true       	
3    	SL(2,7)     	[ 336, 1 ] 	false        	false      	
4    	PSL(3,2)    	[ 168, 1 ] 	false        	true       	
5    	PSL(3,2)    	[ 168, 1 ] 	false        	true       	
6    	PSL(3,2)    	[ 168, 1 ] 	false        	true       	
7    	2^3.PSL(3,2)	[ 1344, 2 ]	false        	true       	
8    	A5          	[ 60, 1 ]  	false        	true       	
9    	PSL(3,2)    	[ 168, 1 ] 	false        	true       	
10   	PSL(2,8)    	[ 504, 1 ] 	true         	false      	
11   	A5          	[ 60, 1 ]  	false        	true       	
12   	2^3.PSL(3,2)	[ 1344, 2 ]	false        	true       	
13   	PSL(2,8)    	[ 504, 1 ] 	false        	true       	
14   	SL(2,5)     	[ 120, 1 ] 	false        	false      	
15   	SL(2,5)     	[ 120, 1 ] 	false        	false      	

[ 8, 4, 1 ]
[ 8, 5, 1 ]
[ 8, 6, 1 ]
Index	Description	Group id 	Irreducible/C	Has trivial	
1    	A5         	[ 60, 1 ]	false        	false      	
2    	A5         	[ 60, 1 ]	false        	true       	

[ 8, 7, 1 ]
Index	Description	Group id  	Irreducible/C	Has trivial	
1    	A5         	[ 60, 1 ] 	false        	false      	
2    	A5         	[ 60, 1 ] 	false        	true       	
3    	SL(2,5)    	[ 120, 1 ]	false        	false      	

[ 8, 8, 1 ]
Index	Description	Group id 	Irreducible/C	Has trivial	
1    	A5         	[ 60, 1 ]	false        	false      	

[ 8, 9, 1 ]
Index	Description	Group id  	Irreducible/C	Has trivial	
1    	PSL(3,2)   	[ 168, 1 ]	true         	false      	

[1] Dimension 8 time: 532927ms
[ 9, 1, 1 ]
Index	Description 	Group id   	Irreducible/C	Has trivial	
1    	SL(2,7)     	[ 336, 1 ] 	false        	true       	
2    	PSL(3,2)    	[ 168, 1 ] 	false        	true       	
3    	A5          	[ 60, 1 ]  	false        	true       	
4    	A5          	[ 60, 1 ]  	false        	true       	
5    	A5          	[ 60, 1 ]  	false        	true       	
6    	2^3.PSL(3,2)	[ 1344, 2 ]	false        	true       	
7    	PSL(3,2)    	[ 168, 1 ] 	false        	true       	
8    	PSL(3,2)    	[ 168, 1 ] 	false        	true       	
9    	PSL(2,8)    	[ 504, 1 ] 	false        	true       	

[ 9, 2, 1 ]
Index	Description	Group id  	Irreducible/C	Has trivial	
1    	A5         	[ 60, 1 ] 	false        	false      	
2    	A5         	[ 60, 1 ] 	false        	true       	
3    	A5         	[ 60, 1 ] 	false        	true       	
4    	PSL(3,2)   	[ 168, 1 ]	false        	true       	
5    	A5         	[ 60, 1 ] 	false        	true       	
6    	PSL(3,2)   	[ 168, 1 ]	false        	true       	
7    	PSL(2,8)   	[ 504, 1 ]	false        	true       	

[1] Dimension 9 time: 353161ms
[ 10, 1, 1 ]
Index	Description 	Group id   	Irreducible/C	Has trivial	
1    	A5          	[ 60, 1 ]  	false        	false      	
2    	A5          	[ 60, 1 ]  	false        	true       	
3    	A5          	[ 60, 1 ]  	false        	true       	
4    	A5          	[ 60, 1 ]  	false        	true       	
5    	PSL(3,2)    	[ 168, 1 ] 	false        	true       	
6    	SL(2,7)     	[ 336, 1 ] 	false        	true       	
7    	A5          	[ 60, 1 ]  	false        	true       	
8    	A5          	[ 60, 1 ]  	false        	true       	
9    	PSL(3,2)    	[ 168, 1 ] 	false        	true       	
10   	PSL(3,2)    	[ 168, 1 ] 	false        	true       	
11   	2^3.PSL(3,2)	[ 1344, 2 ]	false        	true       	
12   	PSL(2,8)    	[ 504, 1 ] 	false        	true       	

[ 10, 2, 1 ]
Index	Description	Group id 	Irreducible/C	Has trivial	
1    	A5         	[ 60, 1 ]	false        	true       	
2    	A5         	[ 60, 1 ]	false        	true       	
3    	A5         	[ 60, 1 ]	false        	false      	
4    	A5         	[ 60, 1 ]	false        	true       	
5    	A5         	[ 60, 1 ]	false        	true       	

[ 10, 3, 1 ]
Index	Description	Group id 	Irreducible/C	Has trivial	
1    	A5         	[ 60, 1 ]	false        	true       	
2    	A5         	[ 60, 1 ]	false        	false      	

[ 10, 4, 1 ]
Index	Description	Group id 	Irreducible/C	Has trivial	
1    	A5         	[ 60, 1 ]	false        	false      	
2    	A5         	[ 60, 1 ]	false        	true       	

[ 10, 5, 1 ]
Index	Description	Group id 	Irreducible/C	Has trivial	
1    	A5         	[ 60, 1 ]	false        	false      	
2    	A5         	[ 60, 1 ]	false        	false      	

[ 10, 6, 1 ]
Index	Description	Group id  	Irreducible/C	Has trivial	
1    	A5         	[ 60, 1 ] 	false        	true       	
2    	A5         	[ 60, 1 ] 	false        	true       	
3    	A5         	[ 60, 1 ] 	false        	true       	
4    	A5         	[ 60, 1 ] 	false        	true       	
5    	PSL(3,2)   	[ 168, 1 ]	false        	true       	
6    	PSL(3,2)   	[ 168, 1 ]	false        	true       	
7    	PSL(2,8)   	[ 504, 1 ]	false        	true       	
8    	A5         	[ 60, 1 ] 	false        	true       	

[ 10, 7, 1 ]
Index	Description	Group id 	Irreducible/C	Has trivial	
1    	A5         	[ 60, 1 ]	false        	false      	

[ 10, 8, 1 ]
Index	Description	Group id 	Irreducible/C	Has trivial	
1    	A5         	[ 60, 1 ]	false        	false      	

[1] Dimension 10 time: 58468721ms
[1] Found 6 group(s).
[1] Time of calculations: 59360s.
[2] Searching for mns groups of order <=1.
[2] Found 0 groups.
[2] Time of calculations: 0s.
[2] The groups' perfect ids: [  ]
[3] Searching for mns groups of order <=1 with faithful rational character of degree <=10.
[3] Found 0 groups.
[3] Time of calculations: 0s.
[3] The groups' perfect ids: [  ]
[4] Calculating rational character tables of the groups.

PG.60.1
Rational character table of A5

       1a 3a 2a 5a

X.1     1  1  1  1
X.2     4  1  . -1
X.3     5 -1  1  .
X.4     6  . -2  1


PG.120.1
Rational character table of A5 2^1

       1a 5a 3a 4a 6a 10a  2a

X.1     1  1  1  1  1   1   1
X.2     4 -1  1  .  1  -1   4
X.3     5  . -1  1 -1   .   5
X.4     6  1  . -2  .   1   6
X.5     8 -2 -4  .  4   2  -8
X.6     8 -2  2  . -2   2  -8
X.7    12  2  .  .  .  -2 -12


PG.168.1
Rational character table of L3(2)

       1a 2a 3a 4a 7a

X.1     1  1  1  1  1
X.2     6 -2  .  2 -1
X.3     6  2  .  . -1
X.4     7 -1  1 -1  .
X.5     8  . -1  .  1


PG.336.1
Rational character table of L3(2) 2^1 = SL(2,7)

       1a 3a 7a 14a 8a 4a 6a  2a

X.1     1  1  1   1  1  1  1   1
X.2     6  . -1  -1  .  2  .   6
X.3     6  . -1  -1  2 -2  .   6
X.4     7  1  .   . -1 -1  1   7
X.5     8 -1  1   1  .  . -1   8
X.6     8  2  1  -1  .  . -2  -8
X.7    16 -2  2  -2  .  .  2 -16
X.8    24  . -4   4  .  .  . -24


PG.504.1
Rational character table of L2(8)

       1a 7a 2a 3a 9a

X.1     1  1  1  1  1
X.2     7  . -1 -2  1
X.3     8  1  . -1 -1
X.4    21  . -3  3  .
X.5    27 -1  3  .  .


PG.1344.2
Rational character table of L3(2) N 2^3

        1a 2a 4a 2b 4b 3a 6a 8a 8b 7a

X.1      1  1  1  1  1  1  1  1  1  1
X.2      6  6 -2 -2 -2  .  .  2  2 -1
X.3      6  6  2  2  2  .  .  .  . -1
X.4      7 -1 -1 -1  3  1 -1 -1  1  .
X.5      7 -1  3 -1 -1  1 -1  1 -1  .
X.6      7  7 -1 -1 -1  1  1 -1 -1  .
X.7      8  8  .  .  . -1 -1  .  .  1
X.8     14 -2  2 -2  2 -1  1  .  .  .
X.9     21 -3 -3  1  1  .  .  1 -1  .
X.10    21 -3  1  1 -3  .  . -1  1  .

[4] Time of calculations: 0s
